{
    "highest": 48.8894610367,
    "lowest": 0.0024935061
}