{
    "HRK": 0.0217444788,
    "CHF": 0.0030083534,
    "MXN": 0.0752199908,
    "ZAR": 0.0578936377,
    "INR": 0.239458176,
    "THB": 0.1017278865,
    "CNY": 0.0220251173,
    "AUD": 0.0049393523,
    "ILS": 0.011180341,
    "KRW": 3.8176850898,
    "JPY": 0.3350497769,
    "PLN": 0.0129557158,
    "GBP": 0.0024935061,
    "IDR": 48.8894610367,
    "HUF": 1.0,
    "PHP": 0.1585250029,
    "TRY": 0.0216002975,
    "RUB": 0.2306356563,
    "HKD": 0.0241420643,
    "ISK": 0.4477056871,
    "EUR": 0.0028607392,
    "DKK": 0.0213465499,
    "CAD": 0.0043938094,
    "MYR": 0.0136328527,
    "USD": 0.0031147729,
    "BGN": 0.0055950338,
    "NOK": 0.0326539078,
    "RON": 0.0138382538,
    "SGD": 0.0044453027,
    "CZK": 0.077391578,
    "SEK": 0.0311520197,
    "NZD": 0.0052094061,
    "BRL": 0.0163033528
}